python : .....F
At line:1 char:1
+ python -m tests.test_reply > test_output.txt 2>&1
+ ~~~~~~~~~~~~~~~~~~~~~~~~~~~~~~~~~~~~~~~~~~~~~~~~~
    + CategoryInfo          : NotSpecified: (.....F:String) [], Re 
   moteException
    + FullyQualifiedErrorId : NativeCommandError
 
===================================================================
===
FAIL: test_valid_medium_priority_request 
(__main__.TestReplyGeneration.test_valid_medium_priority_request)
Should return a reply for MEDIUM priority REQUEST
-------------------------------------------------------------------
---
Traceback (most recent call last):
  File "C:\Users\KHAN\.gemini\antigravity\scratch\lic-platform\back
end\tests\test_reply.py", line 59, in 
test_valid_medium_priority_request
    self.assertIn("Thank you for your message", reply)
    ~~~~~~~~~~~~~^^^^^^^^^^^^^^^^^^^^^^^^^^^^^^^^^^^^^
AssertionError: 'Thank you for your message' not found in 'Thank 
you for reaching out to LIC.  Your request has been noted and 
forwarded for further review. We will update you once the 
necessary details are verified.'

-------------------------------------------------------------------
---
Ran 6 tests in 30.068s

FAILED (failures=1)

--- Testing Valid Low Priority Enquiry ---
Generated Reply:
Thank you for reaching out to LIC.  We have received your query and it is currently under review. Our team will get back to you with the relevant information.


--- Testing Valid Medium Priority Request ---
Generated Reply:
Thank you for reaching out to LIC.  Your request has been noted and forwarded for further review. We will update you once the necessary details are verified.

